<html>
<body>
<pre>
<h1>µVision Build Log</h1>
<h2>Tool Versions:</h2>
IDE-Version: ¦ÌVision V5.43.1.0
Copyright (C) 2025 ARM Ltd and ARM Germany GmbH. All rights reserved.
License Information: aleck shi, tanso, LIC=BUURY-IJXAP-30KNC-7YBD0-LR27I-H1X50
 
Tool Versions:
Toolchain:       MDK-ARM Plus  Version: 5.43.0.0
Toolchain Path:  C:\Keil_v5\ARM\ARMCLANG\Bin
C Compiler:      ArmClang.exe V6.24
Assembler:       Armasm.exe V6.24
Linker/Locator:  ArmLink.exe V6.24
Library Manager: ArmAr.exe V6.24
Hex Converter:   FromElf.exe V6.24
CPU DLL:         SARMCM3.DLL V5.43.0.0
Dialog DLL:      DCM.DLL V1.17.5.0
Target DLL:      STLink/ST-LINKIII-KEIL_SWO.dll V3.3.1.0
Dialog DLL:      TCM.DLL V1.56.6.0
 
<h2>Project:</h2>
D:\Source\gitee\visualC\VML\vml\Examples\c\stm32f429\LTDC_Paint\MDK-ARM\Project.uvprojx
Project File Date:  07/04/2026

<h2>Output:</h2>
*** Using Compiler 'V6.24', folder: 'C:\Keil_v5\ARM\ARMCLANG\Bin'
Rebuild target 'STM32F429I-Discovery'
assembling startup_stm32f429xx.s...
compiling usbh_pipes.c...
compiling diskio.c...
compiling ff_gen_drv.c...
compiling stm32f4xx_hal_i2c_ex.c...
compiling usbh_core.c...
compiling system_stm32f4xx.c...
compiling stm32f4xx_hal_i2s.c...
compiling stm32f4xx_hal_pwr.c...
compiling stm32f4xx_hal_gpio.c...
compiling usbh_ctlreq.c...
compiling usbh_msc_scsi.c...
compiling usbh_msc_bot.c...
compiling usbh_ioreq.c...
compiling stm32f4xx_hal_rcc_ex.c...
compiling stm32f4xx_hal_flash.c...
compiling stm32f4xx_hal_flash_ex.c...
compiling stm32f4xx_ll_fmc.c...
compiling stm32f4xx_hal_dma_ex.c...
compiling usbh_msc.c...
compiling stm32f4xx_hal_hcd.c...
compiling stm32f4xx_hal_ltdc.c...
compiling stm32f4xx_hal_cortex.c...
compiling stm32f4xx_hal_pcd.c...
compiling stm32f4xx_hal_pwr_ex.c...
compiling stm32f4xx_hal_sdram.c...
compiling stm32f4xx_hal_dma.c...
compiling stm32f4xx_hal.c...
compiling ff.c...
compiling stm32f4xx_hal_dma2d.c...
compiling stm32f4xx_hal_rcc.c...
compiling ili9341.c...
compiling stm32f429i_discovery_io.c...
compiling stmpe811.c...
compiling stm32f429i_discovery_sdram.c...
compiling stm32f4xx_hal_spi.c...
compiling stm32f429i_discovery_ts.c...
compiling stm32f429i_discovery.c...
compiling stm32f4xx_ll_usb.c...
compiling stm32f4xx_it.c...
compiling usbh_conf.c...
compiling usbh_diskio_dma.c...
compiling ts_calibration.c...
compiling stm32f429i_discovery_lcd.c...
compiling main.c...
compiling stm32f4xx_hal_i2c.c...
linking...
Program Size: Code=47436 RO-data=45588 RW-data=200 ZI-data=37528  
"STM32F429I-Discovery\Project.axf" - 0 Error(s), 0 Warning(s).

<h2>Software Packages used:</h2>

Package Vendor: ARM
                https://www.keil.com/pack/ARM.CMSIS.6.2.0.pack
                ARM::CMSIS@6.2.0
                CMSIS (Common Microcontroller Software Interface Standard)
   * Component: CORE Version: 6.1.1

Package Vendor: Keil
                https://www.keil.com/pack/Keil.STM32F4xx_DFP.3.0.0.pack
                Keil::STM32F4xx_DFP@3.0.0
                STMicroelectronics STM32F4 Series Device Support

<h2>Collection of Component include folders:</h2>
  ./RTE/_STM32F429I-Discovery
  C:/Keil_v5/ARM/PACK/ARM/CMSIS/6.2.0/CMSIS/Core/Include

<h2>Collection of Component Files used:</h2>

   * Component: ARM::CMSIS:CORE@6.1.1
Build Time Elapsed:  00:00:04
</pre>
</body>
</html>
